▲ Next.js 16.3.8
- Local:         http://127.0.0.1:3000
- Network:       http://127.0.0.1:3000
✓ Ready in 95ms
✓ Running next.config.ts took 40ms
⨯ Error: The destination stream closed early.
    at ignore-listed frames {
  digest: '728145392'
}
⨯ Error: The destination stream closed early.
    at ignore-listed frames {
  digest: '728145392'
}
(node:29900) DeprecationWarning: Calling client.query() when the client is already executing a query is deprecated and will be removed in pg@9.0. Use async/await or an external async flow control mechanism instead.
(Use `node --trace-deprecation ...` to show where the warning was created)
⨯ Error: The destination stream closed early.
    at ignore-listed frames {
  digest: '728145392'
}
⨯ Error: The destination stream closed early.
    at ignore-listed frames {
  digest: '728145392'
}
